[32malign.main INFO : Reading netlist: /work/generated_runs/five_transistor_ota_input_label_patch/five_transistor_ota.sp subckt=FIVE_TRANSISTOR_OTA, flat=0[0m
[32malign.compiler.compiler INFO : Starting topology identification...[0m
[32malign.compiler.compiler INFO : Power and ground nets not found. Power grid will not be constructed.[0m
[32malign.compiler.compiler INFO : Completed topology identification.[0m
[32malign.pnr.main INFO : Running Place & Route for FIVE_TRANSISTOR_OTA[0m
[32malign.pnr.build_pnr_model INFO : Reading contraint json file FIVE_TRANSISTOR_OTA.pnr.const.json[0m
[32malign.pnr.build_pnr_model INFO : Reading contraint json file FIVE_TRANSISTOR_OTA.pnr.const.json[0m
[32malign.pnr.placer INFO : Starting bottom-up placement on FIVE_TRANSISTOR_OTA 0[0m
[32mPnR.placer.SeqPair.SeqPair INFO : Enumerated search[0m
[32mPnR.placer.Placer.PlacementCoreAspectRatio_ILP INFO : Exhausted all permutations of seq pairs and found 1 placement solution(s)[0m
[32malign.pnr.build_pnr_model INFO : Reading contraint json file FIVE_TRANSISTOR_OTA.pnr.const.json[0m
[32mPnR.placer.SeqPair.SeqPair INFO : Enumerated search[0m
[32malign.pnr.router INFO : Starting top_down routing on FIVE_TRANSISTOR_OTA 0 restricted to None[0m
[32mPnR.router.Router.RouteWork INFO : GcellGlobalRouter: FIVE_TRANSISTOR_OTA[0m
[32mPnR.router.Router.RouteWork INFO : GcellDetailRouter: FIVE_TRANSISTOR_OTA[0m
[32mPnR.router.Router.RouteWork INFO : Create power grid: FIVE_TRANSISTOR_OTA[0m
[32mPnR.router.Router.RouteWork INFO : Power routing FIVE_TRANSISTOR_OTA[0m
[32malign.pnr.main INFO : OUTPUT json at /work/generated_runs/five_transistor_ota_label_patch/3_pnr/FIVE_TRANSISTOR_OTA_0.json[0m
[32malign.pnr.main INFO : OUTPUT gds.json /work/generated_runs/five_transistor_ota_label_patch/3_pnr/FIVE_TRANSISTOR_OTA_0.python.gds.json[0m
Use KLayout to visualize the generated GDS: /work/generated_runs/five_transistor_ota_label_patch/FIVE_TRANSISTOR_OTA_0.gds
Use KLayout to visualize the python generated GDS: /work/generated_runs/five_transistor_ota_label_patch/FIVE_TRANSISTOR_OTA_0.python.gds
