[32malign.main INFO : Reading netlist: /work/generated_runs/inverter_input_no_lvt_marker/inverter.sp subckt=INVERTER, flat=0[0m
[32malign.compiler.compiler INFO : Starting topology identification...[0m
[32malign.compiler.compiler INFO : Power and ground nets not found. Power grid will not be constructed.[0m
[32malign.compiler.compiler INFO : Completed topology identification.[0m
[32malign.pnr.main INFO : Running Place & Route for INVERTER[0m
[32malign.pnr.build_pnr_model INFO : Reading contraint json file INVERTER.pnr.const.json[0m
[32malign.pnr.build_pnr_model INFO : Reading contraint json file INV_3799024.pnr.const.json[0m
[32malign.pnr.build_pnr_model INFO : Reading contraint json file INVERTER.pnr.const.json[0m
[32malign.pnr.build_pnr_model INFO : Reading contraint json file INV_3799024.pnr.const.json[0m
[32malign.pnr.placer INFO : Starting bottom-up placement on INV_3799024 1[0m
[32mPnR.placer.SeqPair.SeqPair INFO : Enumerated search[0m
[32mPnR.placer.Placer.PlacementCoreAspectRatio_ILP INFO : Exhausted all permutations of seq pairs and found 1 placement solution(s)[0m
[32malign.pnr.placer INFO : Starting bottom-up placement on INVERTER 0[0m
[32mPnR.placer.SeqPair.SeqPair INFO : Enumerated search[0m
[32mPnR.placer.Placer.PlacementCoreAspectRatio_ILP INFO : Exhausted all permutations of seq pairs and found 1 placement solution(s)[0m
[32malign.pnr.build_pnr_model INFO : Reading contraint json file INVERTER.pnr.const.json[0m
[32malign.pnr.build_pnr_model INFO : Reading contraint json file INV_3799024.pnr.const.json[0m
[32mPnR.placer.SeqPair.SeqPair INFO : Enumerated search[0m
[32mPnR.placer.SeqPair.SeqPair INFO : Enumerated search[0m
[32malign.pnr.router INFO : Starting top_down routing on INVERTER 0 restricted to None[0m
[32mPnR.router.Router.RouteWork INFO : GcellGlobalRouter: INV_3799024[0m
[32mPnR.router.Router.RouteWork INFO : GcellDetailRouter: INV_3799024[0m
[32mPnR.router.Router.RouteWork INFO : GcellGlobalRouter: INVERTER[0m
[32mPnR.router.Router.RouteWork INFO : GcellDetailRouter: INVERTER[0m
[32mPnR.router.Router.RouteWork INFO : Create power grid: INVERTER[0m
[32mPnR.router.Router.RouteWork INFO : Power routing INVERTER[0m
[32malign.pnr.main INFO : OUTPUT json at /work/generated_runs/inverter_align_no_lvt_marker/3_pnr/INV_3799024_0_0.json[0m
[32malign.pnr.main INFO : OUTPUT gds.json /work/generated_runs/inverter_align_no_lvt_marker/3_pnr/INV_3799024_0_0.python.gds.json[0m
[32malign.pnr.main INFO : OUTPUT json at /work/generated_runs/inverter_align_no_lvt_marker/3_pnr/INVERTER_0.json[0m
[32malign.pnr.main INFO : OUTPUT gds.json /work/generated_runs/inverter_align_no_lvt_marker/3_pnr/INVERTER_0.python.gds.json[0m
Use KLayout to visualize the generated GDS: /work/generated_runs/inverter_align_no_lvt_marker/INVERTER_0.gds
Use KLayout to visualize the python generated GDS: /work/generated_runs/inverter_align_no_lvt_marker/INVERTER_0.python.gds
