Netgen 1.5.316 compiled on Sat Feb 14 01:07:44 AM CET 2026
Warning: netgen command 'format' use fully-qualified name '::netgen::format'
Warning: netgen command 'global' use fully-qualified name '::netgen::global'
Reading netlist file /work/reports/before_after/inverter_nopex/extracted/INVERTER_0.extracted.spice for /work/reports/before_after/inverter_nopex/extracted/INVERTER_0.extracted.spice INVERTER_0
Call to undefined subcircuit sky130_fd_pr__nfet_01v8_lvt
Creating placeholder cell definition.
Call to undefined subcircuit sky130_fd_pr__pfet_01v8_lvt
Creating placeholder cell definition.
Reading netlist file /work/reports/before_after/inverter_nopex/normalized/inverter.normalized.sp for /work/reports/before_after/inverter_nopex/normalized/inverter.normalized.sp inverter

Reading setup file /foss/pdks/sky130A/libs.tech/netgen/sky130A_setup.tcl

No property as found for device sky130_fd_pr__nfet_01v8_lvt
No property ad found for device sky130_fd_pr__nfet_01v8_lvt
No property ps found for device sky130_fd_pr__nfet_01v8_lvt
No property pd found for device sky130_fd_pr__nfet_01v8_lvt
No property as found for device sky130_fd_pr__pfet_01v8_lvt
No property ad found for device sky130_fd_pr__pfet_01v8_lvt
No property ps found for device sky130_fd_pr__pfet_01v8_lvt
No property pd found for device sky130_fd_pr__pfet_01v8_lvt
Model sky130_fd_pr__nfet_01v8_lvt pin 1 == 3
No property mult found for device sky130_fd_pr__nfet_01v8_lvt
No property sa found for device sky130_fd_pr__nfet_01v8_lvt
No property sb found for device sky130_fd_pr__nfet_01v8_lvt
No property sd found for device sky130_fd_pr__nfet_01v8_lvt
No property nf found for device sky130_fd_pr__nfet_01v8_lvt
No property nrd found for device sky130_fd_pr__nfet_01v8_lvt
No property nrs found for device sky130_fd_pr__nfet_01v8_lvt
No property area found for device sky130_fd_pr__nfet_01v8_lvt
No property perim found for device sky130_fd_pr__nfet_01v8_lvt
No property topography found for device sky130_fd_pr__nfet_01v8_lvt
No such pin 1 in model sky130_fd_pr__nfet_01v8_lvt
No property as found for device sky130_fd_pr__nfet_01v8_lvt
No property ad found for device sky130_fd_pr__nfet_01v8_lvt
No property ps found for device sky130_fd_pr__nfet_01v8_lvt
No property pd found for device sky130_fd_pr__nfet_01v8_lvt
No property mult found for device sky130_fd_pr__nfet_01v8_lvt
No property sa found for device sky130_fd_pr__nfet_01v8_lvt
No property sb found for device sky130_fd_pr__nfet_01v8_lvt
No property sd found for device sky130_fd_pr__nfet_01v8_lvt
No property nrd found for device sky130_fd_pr__nfet_01v8_lvt
No property nrs found for device sky130_fd_pr__nfet_01v8_lvt
No property area found for device sky130_fd_pr__nfet_01v8_lvt
No property perim found for device sky130_fd_pr__nfet_01v8_lvt
No property topography found for device sky130_fd_pr__nfet_01v8_lvt
Model sky130_fd_pr__pfet_01v8_lvt pin 1 == 3
No property mult found for device sky130_fd_pr__pfet_01v8_lvt
No property sa found for device sky130_fd_pr__pfet_01v8_lvt
No property sb found for device sky130_fd_pr__pfet_01v8_lvt
No property sd found for device sky130_fd_pr__pfet_01v8_lvt
No property nf found for device sky130_fd_pr__pfet_01v8_lvt
No property nrd found for device sky130_fd_pr__pfet_01v8_lvt
No property nrs found for device sky130_fd_pr__pfet_01v8_lvt
No property area found for device sky130_fd_pr__pfet_01v8_lvt
No property perim found for device sky130_fd_pr__pfet_01v8_lvt
No property topography found for device sky130_fd_pr__pfet_01v8_lvt
No such pin 1 in model sky130_fd_pr__pfet_01v8_lvt
No property as found for device sky130_fd_pr__pfet_01v8_lvt
No property ad found for device sky130_fd_pr__pfet_01v8_lvt
No property ps found for device sky130_fd_pr__pfet_01v8_lvt
No property pd found for device sky130_fd_pr__pfet_01v8_lvt
No property mult found for device sky130_fd_pr__pfet_01v8_lvt
No property sa found for device sky130_fd_pr__pfet_01v8_lvt
No property sb found for device sky130_fd_pr__pfet_01v8_lvt
No property sd found for device sky130_fd_pr__pfet_01v8_lvt
No property nrd found for device sky130_fd_pr__pfet_01v8_lvt
No property nrs found for device sky130_fd_pr__pfet_01v8_lvt
No property area found for device sky130_fd_pr__pfet_01v8_lvt
No property perim found for device sky130_fd_pr__pfet_01v8_lvt
No property topography found for device sky130_fd_pr__pfet_01v8_lvt
Comparison output logged to file /work/reports/before_after/inverter_nopex/raw_logs/inverter_vs_INVERTER_0.lvs.report
Logging to file "/work/reports/before_after/inverter_nopex/raw_logs/inverter_vs_INVERTER_0.lvs.report" enabled

Contents of circuit 1:  Circuit: 'sky130_fd_pr__nfet_01v8_lvt'
Circuit sky130_fd_pr__nfet_01v8_lvt contains 0 device instances.
Circuit contains 0 nets.
Contents of circuit 2:  Circuit: 'sky130_fd_pr__nfet_01v8_lvt'
Circuit sky130_fd_pr__nfet_01v8_lvt contains 0 device instances.
Circuit contains 0 nets, and 4 disconnected pins.

Circuit sky130_fd_pr__nfet_01v8_lvt contains no devices.

Contents of circuit 1:  Circuit: 'sky130_fd_pr__pfet_01v8_lvt'
Circuit sky130_fd_pr__pfet_01v8_lvt contains 0 device instances.
Circuit contains 0 nets.
Contents of circuit 2:  Circuit: 'sky130_fd_pr__pfet_01v8_lvt'
Circuit sky130_fd_pr__pfet_01v8_lvt contains 0 device instances.
Circuit contains 0 nets, and 4 disconnected pins.

Circuit sky130_fd_pr__pfet_01v8_lvt contains no devices.

Contents of circuit 1:  Circuit: 'INVERTER_0'
Circuit INVERTER_0 contains 120 device instances.
  Class: sky130_fd_pr__nfet_01v8_lvt instances:  60
  Class: sky130_fd_pr__pfet_01v8_lvt instances:  60
Circuit contains 564 nets.
Contents of circuit 2:  Circuit: 'inverter'
Circuit inverter contains 2 device instances.
  Class: sky130_fd_pr__nfet_01v8_lvt instances:   1
  Class: sky130_fd_pr__pfet_01v8_lvt instances:   1
Circuit contains 12 nets.

Circuit 1 contains 120 devices, Circuit 2 contains 2 devices. *** MISMATCH ***
Circuit 1 contains 564 nets,    Circuit 2 contains 12 nets. *** MISMATCH ***


Final result: 
Top level cell failed pin matching.

Logging to file "/work/reports/before_after/inverter_nopex/raw_logs/inverter_vs_INVERTER_0.lvs.report" disabled
LVS Done.
